==============================================================================
  行政区划图层细小间隙 / 碎屑 / 重叠 —— 一体化修复
==============================================================================
  输入      : D:\Windows\Documents\海南省村界\海南省村界\Sanya\三亚乡镇2002_123.shp
  模式      : snap-ref
  CRS       : EPSG:32649   单位: meter
  容差      : snap_tol=30.00  max_gap_width=60.00  conflate_tol(2r)=90.00
  参考层过滤        : XZQDM 前缀 4602 → 4822 → 624 个要素
  参考层键截断      : XZQDM → 前 9 位
  参考层业务聚合    : 624 → 9 个 乡镇码
  约束域    : 参考层合并，1920.5712 km²

──────────────────────────────────────────────────────────────────────────────
▶ ① 基础信息 / 几何有效性与重复
──────────────────────────────────────────────────────────────────────────────
  要素数            : 54
  CRS               : EPSG:32649
  非法几何          : 0
  空几何            : 0
  非面几何          : 0
  几何完全重复      : 0

──────────────────────────────────────────────────────────────────────────────
▶ ② 部件数与碎屑（过度分割诊断）
──────────────────────────────────────────────────────────────────────────────
  多边形部件总数    : 60   (要素数 54)
  细长部件(<30m 宽) : 13 个，合计 0.0299 km²
      · 面积       5353.8 m²  宽度指标    29.7 m
      · 面积       3825.9 m²  宽度指标    26.9 m
      · 面积       2832.1 m²  宽度指标    28.7 m
      · 面积       2452.5 m²  宽度指标    26.0 m
      · 面积       2385.1 m²  宽度指标    26.5 m
      · 面积       2059.8 m²  宽度指标    24.4 m
      · 面积       1976.2 m²  宽度指标    23.4 m
      · 面积       1874.1 m²  宽度指标    22.7 m

──────────────────────────────────────────────────────────────────────────────
▶ ③ 重叠 / 空隙 / 封闭孔洞
──────────────────────────────────────────────────────────────────────────────
  面积之和          : 1920.5712 km²
  合并后面积        : 1920.5712 km²
  重叠面积(和-并)   : 0.0 m²
  封闭孔洞(内环)    : 0 个

──────────────────────────────────────────────────────────────────────────────
▶ ④ 相邻要素最小间距分布（细缝宽度体检）
──────────────────────────────────────────────────────────────────────────────
  间距 ≤ 180 m 的相邻要素对: 31
     最小 8.4 m | 中位 56.0 m | 均值 74.7 m | 最大 177.0 m
     分布: {'<=60m': 17, '<=120m': 24, '<=180m': 31}

──────────────────────────────────────────────────────────────────────────────
▶ ⑤ 真缝隙检测（平面图 + 形态学闭运算 + 域约束）
──────────────────────────────────────────────────────────────────────────────
  检出缝隙面        : 13 个，合计 0.01060 km²
  来源分布          : {'closing': 13}
      · closing   面积       2931.7 m²  宽度   16.7 m  接触 2 个要素
      · closing   面积       2039.9 m²  宽度   13.8 m  接触 2 个要素
      · closing   面积       1812.0 m²  宽度   11.0 m  接触 2 个要素
      · closing   面积       1371.5 m²  宽度   10.4 m  接触 2 个要素
      · closing   面积       1051.3 m²  宽度    9.6 m  接触 2 个要素
      · closing   面积        774.2 m²  宽度    8.1 m  接触 2 个要素
      · closing   面积        268.9 m²  宽度    3.7 m  接触 2 个要素
      · closing   面积        231.7 m²  宽度    4.1 m  接触 2 个要素

──────────────────────────────────────────────────────────────────────────────
▶ ② 几何净化（有效性修复 + 精度归一 + 去空/零面积）
──────────────────────────────────────────────────────────────────────────────
  修复无效/退化几何 : 0 个
  面积守恒校验      : 1920.571153 → 1920.571154 km²（差 1.171 m²）

──────────────────────────────────────────────────────────────────────────────
▶ ③ 按 乡镇码 融合同码多部件（消除过度分割）
──────────────────────────────────────────────────────────────────────────────
  要素数 54 → 9

──────────────────────────────────────────────────────────────────────────────
▶ ④ 形态学配准（抹平 <90m 的配准噪声，保留真实改动）
──────────────────────────────────────────────────────────────────────────────
  参考匹配          : 9/9 个要素成功匹配权威边界
  配准模式          : preserve（保留 >2r 的真实改动）
  平均抹平噪声面积  : 936,638 m²/要素

▶ ⑤ 邻居顶点吸附：已跳过（snap-ref 模式下配准已替代吸附；如需强制，加 --force-snap）

──────────────────────────────────────────────────────────────────────────────
▶ ⑥ 分区归一（缝隙填充 + 重叠剔除 + 争议区裁定）
──────────────────────────────────────────────────────────────────────────────
  争议区处理        : 共 30 个
      · 细小间隙(<60m 宽) :     30 个，合计      131,896.8 m²
      · 大块争议(≥60m 宽) :      0 个，合计            0.0 m²
  裁定依据分布      : {'orig-owner': 30}
      ·      33522.6 m²  宽    42.9 m  → 归【460200002】（当前争议方 460200102，依据 thin-gap/orig-owner）
      ·      12994.5 m²  宽    28.3 m  → 归【460200002】（当前争议方 460200101，依据 thin-gap/orig-owner）
      ·      12409.7 m²  宽    40.0 m  → 归【460200002】（当前争议方 460200102，依据 thin-gap/orig-owner）
      ·      11374.1 m²  宽    44.3 m  → 归【460200002】（当前争议方 460200102，依据 thin-gap/orig-owner）
      ·       9512.1 m²  宽    32.2 m  → 归【460200002】（当前争议方 460200102，依据 thin-gap/orig-owner）
      ·       8254.8 m²  宽    29.5 m  → 归【460200002】（当前争议方 460200101，依据 thin-gap/orig-owner）
      ·       7190.2 m²  宽    26.9 m  → 归【460200002】（当前争议方 460200101，依据 thin-gap/orig-owner）
      ·       6359.0 m²  宽    29.9 m  → 归【460200002】（当前争议方 460200102，依据 thin-gap/orig-owner）
      ·       4149.5 m²  宽    32.1 m  → 归【460200002】（当前争议方 460200101，依据 thin-gap/orig-owner）
      ·       3872.1 m²  宽    26.9 m  → 归【460200002】（当前争议方 460200101，依据 thin-gap/orig-owner）
  ⚠ 未能归属的残余: 5191 个，合计 55.6 m²（见报告）

──────────────────────────────────────────────────────────────────────────────
▶ ⑧ 写出修复结果
──────────────────────────────────────────────────────────────────────────────
  SHP     : D:\Windows\Documents\海南省村界\海南省村界\Sanya\三亚乡镇2002_123_fixed.shp
  GeoJSON : D:\Windows\Documents\海南省村界\海南省村界\Sanya\三亚乡镇2002_123_fixed.geojson
  面积表  : D:\Windows\Documents\海南省村界\海南省村界\Sanya\三亚乡镇2002_123_fixed_面积变化表.csv

             修复前km2    修复后km2   变化km2    变化%     参考km2  修复后-参考km2  修复前-参考km2
乡镇码                                                                         
460200001  252.3411  252.4271  0.0860  0.034  252.4269     0.0002    -0.0858
460200002  322.0364  320.8403 -1.1961 -0.371  320.1438     0.6965     1.8926
460200003  493.7640  493.4052 -0.3588 -0.073  493.3141     0.0911     0.4499
460200004  349.3195  349.3531  0.0336  0.010  348.9732     0.3799     0.3463
460200005  112.9415  113.0882  0.1467  0.130  113.1199    -0.0317    -0.1784
460200006  320.2478  320.2068 -0.0410 -0.013  320.1895     0.0173     0.0583
460200101   51.2441   52.1301  0.8860  1.729   51.6701     0.4600    -0.4260
460200102   11.5053   11.9023  0.3970  3.451   13.1109    -1.2086    -1.6056
460200103    7.1715    7.2182  0.0467  0.651    7.6229    -0.4047    -0.4514

──────────────────────────────────────────────────────────────────────────────
▶ ⑨ 修复结果校验
──────────────────────────────────────────────────────────────────────────────
  要素数            : 9
  非法几何          : 0
  总面积            : 1920.571151 km²
  重叠面积(和-并)   : 1.933 m²
  封闭孔洞(内环)    : 527
  域面积            : 1920.571153 km²
  域内缺口          : 55.551 m²
  域外溢出          : 0.018 m²
  内边界对称差      : 5.052572 km²  ← 与参考层叠加不重合的总量（9 个要素已配对）

──────────────────────────────────────────────────────────────────────────────
▶ ⑩ 报告 / 对比图
──────────────────────────────────────────────────────────────────────────────
  报告    : D:\Windows\Documents\海南省村界\海南省村界\Sanya\三亚乡镇2002_123_fixed_QA报告.md
  对比图已输出: D:\Windows\Documents\海南省村界\海南省村界\Sanya\三亚乡镇2002_123_fixed_修复前后对比.png

==============================================================================
完成，耗时 28.6s。输出前缀：D:\Windows\Documents\海南省村界\海南省村界\Sanya\三亚乡镇2002_123_fixed
==============================================================================
